// Jest Snapshot v1, https://goo.gl/fbAQLP

exports[`renders correctly 1`] = `
<div>
  <div
    class="col"
  >
    <h1>
      Register a New Patient
    </h1>
    <form
      class=""
    >
      <div
        class="form-row"
      >
        <div
          class="form-group col-lg-6 col-md-8"
        >
          <label
            class="form-label"
            for="formEmail"
          >
            Email
          </label>
          <input
            autocomplete="email"
            class="form-control"
            id="formEmail"
            placeholder="you@email.com"
            required=""
            type="email"
            value=""
          />
        </div>
      </div>
      <div
        class="form-row"
      >
        <div
          class="col"
        >
          <div
            class="form-group"
          >
            <label
              class="form-label"
              for="formPassword"
            >
              Password
            </label>
            <input
              autocomplete="current-password"
              class="form-control"
              id="formPassword"
              placeholder="••••••••"
              required=""
              type="password"
              value=""
            />
          </div>
        </div>
        <div
          class="col"
        >
          <div
            class="form-group"
          >
            <label
              class="form-label"
              for="formpasswordConfirm"
            >
              Confirm Password
            </label>
            <input
              autocomplete="current-password"
              class="form-control"
              id="formpasswordConfirm"
              placeholder="••••••••"
              required=""
              type="password"
              value=""
            />
            <div
              class="invalid-feedback"
            >
              The password does not match
            </div>
          </div>
        </div>
      </div>
      <div
        class="form-row"
      >
        <div
          class="col"
        >
          <div
            class="form-group"
          >
            <label
              class="form-label"
              for="formFirstName"
            >
              First name
            </label>
            <input
              autocomplete="firstName"
              class="form-control"
              id="formFirstName"
              placeholder="first"
              required=""
              type="text"
              value=""
            />
          </div>
        </div>
        <div
          class="col"
        >
          <div
            class="form-group"
          >
            <label
              class="form-label"
              for="formLastName"
            >
              Last name
            </label>
            <input
              autocomplete="username"
              class="form-control"
              id="formLastName"
              placeholder="Last"
              required=""
              type="text"
              value=""
            />
          </div>
        </div>
      </div>
      <div
        class="form-row"
      >
        <div
          class="col"
        >
          <div
            class="form-group"
          >
            <label
              class="form-label"
              for="formDOB"
            >
              Date of birth
            </label>
            <input
              autocomplete="dob"
              class="form-control"
              id="formDOB"
              placeholder="mm/dd/yy"
              type="date"
              value=""
            />
          </div>
        </div>
        <div
          class="col"
        >
          <div
            class="form-group"
          >
            <label
              class="form-label"
              for="formPhoneNumber"
            >
              Phone Number
            </label>
            <input
              class="form-control"
              id="formPhoneNumber"
              placeholder="555-555-5555"
              type="tel"
              value=""
            />
          </div>
        </div>
      </div>
      <div
        class="form-row"
      >
        <div
          class="form-group col-lg-4 col-md-8"
        >
          <label
            class="form-label"
            for="formSsn"
          >
            Social Security
          </label>
          <input
            class="form-control"
            id="formSsn"
            placeholder="555-55-5555"
            required=""
            type="text"
            value=""
          />
        </div>
      </div>
      <div
        class="form-row"
      >
        <div
          class="col"
        >
          <div
            class="form-group"
          >
            <label
              class="form-label"
              for="formStreetAddress"
            >
              Address line 1
            </label>
            <input
              class="form-control"
              id="formStreetAddress"
              placeholder="e.g., 123 Address Way"
              type="text"
              value=""
            />
          </div>
        </div>
      </div>
      <div
        class="form-row"
      >
        <div
          class="col"
        >
          <div
            class="form-group"
          >
            <label
              class="form-label"
              for="formStreetAddress2"
            >
              Address line 2
            </label>
            <input
              class="form-control"
              id="formStreetAddress2"
              placeholder="e.g., Apt. 8"
              type="text"
              value=""
            />
          </div>
        </div>
      </div>
      <div
        class="form-row"
      >
        <div
          class="col"
        >
          <div
            class="form-group"
          >
            <label
              class="form-label"
              for="formCity"
            >
              City
            </label>
            <input
              class="form-control"
              id="formCity"
              placeholder="City"
              type="text"
              value=""
            />
          </div>
        </div>
        <div
          class="col"
        >
          <div
            class="form-group"
          >
            <label
              class="form-label"
              for="formState"
            >
              State
            </label>
            <input
              class="form-control"
              id="formState"
              placeholder="Select"
              type="text"
              value=""
            />
          </div>
        </div>
        <div
          class="col"
        >
          <div
            class="form-group"
          >
            <label
              class="form-label"
              for="formzipCode"
            >
              zip code
            </label>
            <input
              class="form-control"
              id="formzipCode"
              placeholder="00000"
              type="text"
              value=""
            />
          </div>
        </div>
      </div>
      <div
        class="form-group"
      />
      <div
        class="justify-content-center form-row"
      >
        <div
          class="form-group col-lg-6 col-md-8"
        >
          <button
            class="font-weight-bold btn btn-primary btn-block"
            type="submit"
          >
            Signup
          </button>
        </div>
      </div>
    </form>
    <div
      class="text-center"
    />
  </div>
</div>
`;
